Archive member included to satisfy reference by file (symbol)

/opt/microchip/xc32/v2.41/bin/bin/../../lib/gcc/pic32c/6.2.1/../../../../pic32c/lib/libpic32c.a(data_init.o)
                              /tmp/ccrubxwJ.o (__pic32c_data_initialization)
/opt/microchip/xc32/v2.41/bin/bin/../../lib/gcc/pic32c/6.2.1/../../../../pic32c/lib/libg_nano.a(lib_a-init.o)
                              /tmp/ccrubxwJ.o (__libc_init_array)

Microchip PIC32 Memory-Usage Report

ROM Program-Memory Usage
section                    address  length [bytes]      (dec)  Description
-------                 ----------  -------------------------  -----------
.vectors                         0           0xbc         188   
.text                         0xbc           0x20          32  App's exec code 
.text.__pic32c_data_ini       0xdc           0x90         144   
.text.Reset_Handler          0x16c           0x54          84   
.text                        0x1c0           0x48          72  App's exec code 
.text.__libc_init_array      0x208           0x48          72   
.dinit                       0x250           0x40          64   
.text                        0x290           0x1c          28  App's exec code 
.text.Dummy_Handler          0x2ac            0x2           2   
      Total ROM used  :       0x2ae         686  0.3% of 0x40000
        --------------------------------------------------------------------------
         Total Program Memory used  :       0x2ae         686  0.3% of 0x40000
        --------------------------------------------------------------------------


RAM Data-Memory Usage
section                    address  length [bytes]      (dec)  Description
-------                 ----------  -------------------------  -----------
.bss                    0x20000000           0x1c          28  Uninitialized data 
.data                   0x2000001c            0x4           4  Initialized data 
.eh_frame               0x20000020            0x4           4   
         Total RAM used  :        0x24          36  0.1% of 0x8000
        --------------------------------------------------------------------------
            Total Data Memory used  :        0x24          36  0.1% of 0x8000
        --------------------------------------------------------------------------


Dynamic Data-Memory Reservation
section                    address  length [bytes]      (dec)  Description
-------                 ----------  -------------------------  -----------
heap                    0x20000028           0x10          16  Reserved for heap 
stack                   0x20000050         0x7fa0       32672  Reserved for stack 

        --------------------------------------------------------------------------

Memory Configuration

Name             Origin             Length             Attributes
rom              0x0000000000000000 0x0000000000040000 xrl
ram              0x0000000020000000 0x0000000000008000 xw !r
config_00804000  0x0000000000804000 0x0000000000000004
config_00804004  0x0000000000804004 0x0000000000000004
*default*        0x0000000000000000 0xffffffffffffffff

Linker script and memory map

LOAD /opt/microchip/xc32/v2.41/bin/bin/../../lib/gcc/pic32c/6.2.1/crti.o
LOAD /opt/microchip/xc32/v2.41/bin/bin/../../lib/gcc/pic32c/6.2.1/crtbegin.o
LOAD build/default/debug/newxc32_newfile.o
                0x0000000000000001                __MPLAB_BUILD = 0x1
                0x0000000000000001                __ICD2RAM = 0x1
                0x0000000000000001                __MPLAB_DEBUG = 0x1
                0x0000000000000001                __DEBUG = 0x1
LOAD /tmp/ccrubxwJ.o
START GROUP
LOAD /opt/microchip/xc32/v2.41/bin/bin/../../lib/gcc/pic32c/6.2.1/../../../../pic32c/lib/libpic32c.a
LOAD /opt/microchip/xc32/v2.41/bin/bin/../../lib/gcc/pic32c/6.2.1/libgcc.a
LOAD /opt/microchip/xc32/v2.41/bin/bin/../../lib/gcc/pic32c/6.2.1/../../../../pic32c/lib/libg_nano.a
LOAD /opt/microchip/xc32/v2.41/bin/bin/../../lib/gcc/pic32c/6.2.1/../../../../pic32c/lib/libm_nano.a
LOAD /opt/microchip/xc32/v2.41/bin/bin/../../lib/gcc/pic32c/6.2.1/../../../../pic32c/lib/libc_nano.a
END GROUP
LOAD /opt/microchip/xc32/v2.41/bin/bin/../../lib/gcc/pic32c/6.2.1/crtend.o
LOAD /opt/microchip/xc32/v2.41/bin/bin/../../lib/gcc/pic32c/6.2.1/crtn.o
                0x0000000000040000                __rom_end = (ORIGIN (rom) + LENGTH (rom))
                0x0000000020008000                __ram_end = (ORIGIN (ram) + LENGTH (ram))

.config_00804000
 *(.config_00804000)

.config_00804004
 *(.config_00804004)

.vectors        0x0000000000000000       0xbc
                0x0000000000000000                . = ALIGN (0x4)
                0x0000000000000000                _sfixed = .
 *(.vectors .vectors.* .vectors_default .vectors_default.*)
 .vectors.default
                0x0000000000000000       0xbc /tmp/ccrubxwJ.o
                0x0000000000000000                exception_table
 *(.isr_vector)
 *(.reset*)
 *(.after_vectors)

.text           0x00000000000000bc       0x20
                0x00000000000000bc                . = ALIGN (0x4)
 *(.glue_7t)
 .glue_7t       0x00000000000000bc        0x0 linker stubs
 *(.glue_7)
 .glue_7        0x00000000000000bc        0x0 linker stubs
 *(.gnu.linkonce.r.*)
 *(.ARM.extab* .gnu.linkonce.armextab.*)
                0x00000000000000bc                . = ALIGN (0x4)
 *(.init)
 .init          0x00000000000000bc        0x4 /opt/microchip/xc32/v2.41/bin/bin/../../lib/gcc/pic32c/6.2.1/crti.o
                0x00000000000000bc                _init
 .init          0x00000000000000c0        0x8 /opt/microchip/xc32/v2.41/bin/bin/../../lib/gcc/pic32c/6.2.1/crtn.o
                0x00000000000000c8                . = ALIGN (0x4)
                0x00000000000000c8                __preinit_array_start = .
 *(.preinit_array)
                0x00000000000000c8                __preinit_array_end = .
                0x00000000000000c8                . = ALIGN (0x4)
                0x00000000000000c8                __init_array_start = .
 *(SORT(.init_array.*))
 *(.init_array)
 .init_array    0x00000000000000c8        0x4 /opt/microchip/xc32/v2.41/bin/bin/../../lib/gcc/pic32c/6.2.1/crtbegin.o
                0x00000000000000cc                __init_array_end = .
                0x00000000000000cc                . = ALIGN (0x4)
 *crtbegin.o(.ctors)
 *(EXCLUDE_FILE(*crtend.o) .ctors)
 *(SORT(.ctors.*))
 *crtend.o(.ctors)
                0x00000000000000cc                . = ALIGN (0x4)
 *(.fini)
 .fini          0x00000000000000cc        0x4 /opt/microchip/xc32/v2.41/bin/bin/../../lib/gcc/pic32c/6.2.1/crti.o
                0x00000000000000cc                _fini
 .fini          0x00000000000000d0        0x8 /opt/microchip/xc32/v2.41/bin/bin/../../lib/gcc/pic32c/6.2.1/crtn.o
                0x00000000000000d8                . = ALIGN (0x4)
                0x00000000000000d8                __fini_array_start = .
 *(.fini_array)
 .fini_array    0x00000000000000d8        0x4 /opt/microchip/xc32/v2.41/bin/bin/../../lib/gcc/pic32c/6.2.1/crtbegin.o
 *(SORT(.fini_array.*))
                0x00000000000000dc                __fini_array_end = .
 *crtbegin.o(.dtors)
 *(EXCLUDE_FILE(*crtend.o) .dtors)
 *(SORT(.dtors.*))
 *crtend.o(.dtors)
                0x00000000000000dc                . = ALIGN (0x4)
                0x00000000000000dc                _efixed = .
                [!provide]                        PROVIDE (__exidx_start, .)

.ARM.exidx
 *(.ARM.exidx* .gnu.linkonce.armexidx.*)
                [!provide]                        PROVIDE (__exidx_end, .)
                0x00000000000000dc                . = ALIGN (0x4)
                0x00000000000000dc                _etext = .

.bss            0x0000000020000000        0x0
                0x0000000020000000                . = ALIGN (0x4)
                0x0000000020000000                __bss_start__ = .
                0x0000000020000000                _sbss = .
                0x0000000020000000                _szero = .
 *(COMMON)
                0x0000000020000000                . = ALIGN (0x4)
                0x0000000020000000                __bss_end__ = .
                0x0000000020000000                _ebss = .
                0x0000000020000000                _ezero = .
                0x0000000020000000                . = ALIGN (0x4)
                0x0000000020000000                _end = .
                0x0000000020007fff                _ram_end_ = ((ORIGIN (ram) + LENGTH (ram)) - 0x1)
OUTPUT(dist/default/debug/xpress-samc21n18a.X.debug.elf elf32-littlearm)
LOAD stack
LOAD data_init

.ARM.attributes
                0x0000000000000000       0x2a
 .ARM.attributes
                0x0000000000000000       0x1e /opt/microchip/xc32/v2.41/bin/bin/../../lib/gcc/pic32c/6.2.1/crti.o
 .ARM.attributes
                0x000000000000001e       0x2c /opt/microchip/xc32/v2.41/bin/bin/../../lib/gcc/pic32c/6.2.1/crtbegin.o
 .ARM.attributes
                0x000000000000004a       0x32 build/default/debug/newxc32_newfile.o
 .ARM.attributes
                0x000000000000007c       0x32 /tmp/ccrubxwJ.o
 .ARM.attributes
                0x00000000000000ae       0x2c /opt/microchip/xc32/v2.41/bin/bin/../../lib/gcc/pic32c/6.2.1/../../../../pic32c/lib/libpic32c.a(data_init.o)
 .ARM.attributes
                0x00000000000000da       0x2c /opt/microchip/xc32/v2.41/bin/bin/../../lib/gcc/pic32c/6.2.1/../../../../pic32c/lib/libg_nano.a(lib_a-init.o)
 .ARM.attributes
                0x0000000000000106       0x2c /opt/microchip/xc32/v2.41/bin/bin/../../lib/gcc/pic32c/6.2.1/crtend.o
 .ARM.attributes
                0x0000000000000132       0x1e /opt/microchip/xc32/v2.41/bin/bin/../../lib/gcc/pic32c/6.2.1/crtn.o

.comment        0x0000000000000000       0x3c
 .comment       0x0000000000000000       0x3c /opt/microchip/xc32/v2.41/bin/bin/../../lib/gcc/pic32c/6.2.1/crtbegin.o
                                         0x3d (size before relaxing)
 .comment       0x000000000000003c       0x3d build/default/debug/newxc32_newfile.o
 .comment       0x000000000000003c       0x3d /tmp/ccrubxwJ.o
 .comment       0x000000000000003c       0x3d /opt/microchip/xc32/v2.41/bin/bin/../../lib/gcc/pic32c/6.2.1/../../../../pic32c/lib/libpic32c.a(data_init.o)
 .comment       0x000000000000003c       0x3d /opt/microchip/xc32/v2.41/bin/bin/../../lib/gcc/pic32c/6.2.1/../../../../pic32c/lib/libg_nano.a(lib_a-init.o)
 .comment       0x000000000000003c       0x3d /opt/microchip/xc32/v2.41/bin/bin/../../lib/gcc/pic32c/6.2.1/crtend.o

.debug_info     0x0000000000000000     0x108a
 .debug_info    0x0000000000000000      0x23c build/default/debug/newxc32_newfile.o
 .debug_info    0x000000000000023c      0x905 /tmp/ccrubxwJ.o
 .debug_info    0x0000000000000b41      0x1f0 /opt/microchip/xc32/v2.41/bin/bin/../../lib/gcc/pic32c/6.2.1/../../../../pic32c/lib/libpic32c.a(data_init.o)
 .debug_info    0x0000000000000d31      0x359 /opt/microchip/xc32/v2.41/bin/bin/../../lib/gcc/pic32c/6.2.1/../../../../pic32c/lib/libg_nano.a(lib_a-init.o)

.debug_abbrev   0x0000000000000000      0x217
 .debug_abbrev  0x0000000000000000       0x46 build/default/debug/newxc32_newfile.o
 .debug_abbrev  0x0000000000000046      0x104 /tmp/ccrubxwJ.o
 .debug_abbrev  0x000000000000014a       0x2a /opt/microchip/xc32/v2.41/bin/bin/../../lib/gcc/pic32c/6.2.1/../../../../pic32c/lib/libpic32c.a(data_init.o)
 .debug_abbrev  0x0000000000000174       0xa3 /opt/microchip/xc32/v2.41/bin/bin/../../lib/gcc/pic32c/6.2.1/../../../../pic32c/lib/libg_nano.a(lib_a-init.o)

.debug_loc      0x0000000000000000       0xbe
 .debug_loc     0x0000000000000000       0x38 build/default/debug/newxc32_newfile.o
 .debug_loc     0x0000000000000038       0x14 /opt/microchip/xc32/v2.41/bin/bin/../../lib/gcc/pic32c/6.2.1/../../../../pic32c/lib/libpic32c.a(data_init.o)
 .debug_loc     0x000000000000004c       0x72 /opt/microchip/xc32/v2.41/bin/bin/../../lib/gcc/pic32c/6.2.1/../../../../pic32c/lib/libg_nano.a(lib_a-init.o)

.debug_aranges  0x0000000000000000       0x88
 .debug_aranges
                0x0000000000000000       0x20 build/default/debug/newxc32_newfile.o
 .debug_aranges
                0x0000000000000020       0x28 /tmp/ccrubxwJ.o
 .debug_aranges
                0x0000000000000048       0x20 /opt/microchip/xc32/v2.41/bin/bin/../../lib/gcc/pic32c/6.2.1/../../../../pic32c/lib/libpic32c.a(data_init.o)
 .debug_aranges
                0x0000000000000068       0x20 /opt/microchip/xc32/v2.41/bin/bin/../../lib/gcc/pic32c/6.2.1/../../../../pic32c/lib/libg_nano.a(lib_a-init.o)

.debug_line     0x0000000000000000      0x3ff
 .debug_line    0x0000000000000000       0x48 build/default/debug/newxc32_newfile.o
 .debug_line    0x0000000000000048      0x1bc /tmp/ccrubxwJ.o
 .debug_line    0x0000000000000204       0xe3 /opt/microchip/xc32/v2.41/bin/bin/../../lib/gcc/pic32c/6.2.1/../../../../pic32c/lib/libpic32c.a(data_init.o)
 .debug_line    0x00000000000002e7      0x118 /opt/microchip/xc32/v2.41/bin/bin/../../lib/gcc/pic32c/6.2.1/../../../../pic32c/lib/libg_nano.a(lib_a-init.o)

.debug_str      0x0000000000000000        0x0
 .debug_str     0x0000000000000000        0x0 build/default/debug/newxc32_newfile.o
 .debug_str     0x0000000000000000        0x0 /tmp/ccrubxwJ.o
 .debug_str     0x0000000000000000        0x0 /opt/microchip/xc32/v2.41/bin/bin/../../lib/gcc/pic32c/6.2.1/../../../../pic32c/lib/libpic32c.a(data_init.o)
 .debug_str     0x0000000000000000        0x0 /opt/microchip/xc32/v2.41/bin/bin/../../lib/gcc/pic32c/6.2.1/../../../../pic32c/lib/libg_nano.a(lib_a-init.o)

.debug_frame    0x0000000000000000       0xb8
 .debug_frame   0x0000000000000000       0x30 build/default/debug/newxc32_newfile.o
 .debug_frame   0x0000000000000030       0x30 /tmp/ccrubxwJ.o
 .debug_frame   0x0000000000000060       0x2c /opt/microchip/xc32/v2.41/bin/bin/../../lib/gcc/pic32c/6.2.1/../../../../pic32c/lib/libpic32c.a(data_init.o)
 .debug_frame   0x000000000000008c       0x2c /opt/microchip/xc32/v2.41/bin/bin/../../lib/gcc/pic32c/6.2.1/../../../../pic32c/lib/libg_nano.a(lib_a-init.o)

.debug_ranges   0x0000000000000000       0x38
 .debug_ranges  0x0000000000000000       0x18 /tmp/ccrubxwJ.o
 .debug_ranges  0x0000000000000018       0x10 /opt/microchip/xc32/v2.41/bin/bin/../../lib/gcc/pic32c/6.2.1/../../../../pic32c/lib/libpic32c.a(data_init.o)
 .debug_ranges  0x0000000000000028       0x10 /opt/microchip/xc32/v2.41/bin/bin/../../lib/gcc/pic32c/6.2.1/../../../../pic32c/lib/libg_nano.a(lib_a-init.o)

.stack          0x0000000020000050      0x100
 .stack         0x0000000020000050      0x100 stack

.bss%1          0x0000000020000000       0x1c
 .bss           0x0000000020000000       0x1c /opt/microchip/xc32/v2.41/bin/bin/../../lib/gcc/pic32c/6.2.1/crtbegin.o

.data%2         0x000000002000001c        0x4
 .data          0x000000002000001c        0x4 /opt/microchip/xc32/v2.41/bin/bin/../../lib/gcc/pic32c/6.2.1/crtbegin.o
                0x000000002000001c                __dso_handle

.eh_frame%3     0x0000000020000020        0x4
 .eh_frame      0x0000000020000020        0x4 /opt/microchip/xc32/v2.41/bin/bin/../../lib/gcc/pic32c/6.2.1/crtend.o

.bss%z1         0x0000000000000000        0x0
 .bss           0x0000000000000000        0x0 /opt/microchip/xc32/v2.41/bin/bin/../../lib/gcc/pic32c/6.2.1/crtn.o

.data%z2        0x0000000000000000        0x0
 .data          0x0000000000000000        0x0 /opt/microchip/xc32/v2.41/bin/bin/../../lib/gcc/pic32c/6.2.1/crtn.o

.bss%z3         0x0000000000000000        0x0
 .bss           0x0000000000000000        0x0 /opt/microchip/xc32/v2.41/bin/bin/../../lib/gcc/pic32c/6.2.1/crtend.o

.data%z4        0x0000000000000000        0x0
 .data          0x0000000000000000        0x0 /opt/microchip/xc32/v2.41/bin/bin/../../lib/gcc/pic32c/6.2.1/crtend.o

.bss%z5         0x0000000000000000        0x0
 .bss           0x0000000000000000        0x0 /opt/microchip/xc32/v2.41/bin/bin/../../lib/gcc/pic32c/6.2.1/../../../../pic32c/lib/libg_nano.a(lib_a-init.o)

.data%z6        0x0000000000000000        0x0
 .data          0x0000000000000000        0x0 /opt/microchip/xc32/v2.41/bin/bin/../../lib/gcc/pic32c/6.2.1/../../../../pic32c/lib/libg_nano.a(lib_a-init.o)

.bss%z7         0x0000000000000000        0x0
 .bss           0x0000000000000000        0x0 /opt/microchip/xc32/v2.41/bin/bin/../../lib/gcc/pic32c/6.2.1/../../../../pic32c/lib/libpic32c.a(data_init.o)

.data%z8        0x0000000000000000        0x0
 .data          0x0000000000000000        0x0 /opt/microchip/xc32/v2.41/bin/bin/../../lib/gcc/pic32c/6.2.1/../../../../pic32c/lib/libpic32c.a(data_init.o)

.bss%z9         0x0000000000000000        0x0
 .bss           0x0000000000000000        0x0 /tmp/ccrubxwJ.o

.data%z10       0x0000000000000000        0x0
 .data          0x0000000000000000        0x0 /tmp/ccrubxwJ.o

.bss%z11        0x0000000000000000        0x0
 .bss           0x0000000000000000        0x0 build/default/debug/newxc32_newfile.o

.data%z12       0x0000000000000000        0x0
 .data          0x0000000000000000        0x0 build/default/debug/newxc32_newfile.o

.eh_frame%z13   0x0000000000000000        0x0
 .eh_frame      0x0000000000000000        0x0 /opt/microchip/xc32/v2.41/bin/bin/../../lib/gcc/pic32c/6.2.1/crtbegin.o

.bss%z14        0x0000000000000000        0x0
 .bss           0x0000000000000000        0x0 /opt/microchip/xc32/v2.41/bin/bin/../../lib/gcc/pic32c/6.2.1/crti.o

.data%z15       0x0000000000000000        0x0
 .data          0x0000000000000000        0x0 /opt/microchip/xc32/v2.41/bin/bin/../../lib/gcc/pic32c/6.2.1/crti.o

.text.__pic32c_data_initialization%4
                0x00000000000000dc       0x90
 .text.__pic32c_data_initialization
                0x00000000000000dc       0x90 /opt/microchip/xc32/v2.41/bin/bin/../../lib/gcc/pic32c/6.2.1/../../../../pic32c/lib/libpic32c.a(data_init.o)
                0x00000000000000dc                __pic32c_data_initialization

.text.Reset_Handler%5
                0x000000000000016c       0x54
 .text.Reset_Handler
                0x000000000000016c       0x54 /tmp/ccrubxwJ.o
                0x000000000000016c                Reset_Handler

.text%6         0x00000000000001c0       0x48
 .text          0x00000000000001c0       0x48 /opt/microchip/xc32/v2.41/bin/bin/../../lib/gcc/pic32c/6.2.1/crtbegin.o

.text.__libc_init_array%7
                0x0000000000000208       0x48
 .text.__libc_init_array
                0x0000000000000208       0x48 /opt/microchip/xc32/v2.41/bin/bin/../../lib/gcc/pic32c/6.2.1/../../../../pic32c/lib/libg_nano.a(lib_a-init.o)
                0x0000000000000208                __libc_init_array

.dinit%8        0x0000000000000250       0x40
 .dinit         0x0000000000000250       0x40 data_init

.text%9         0x0000000000000290       0x1c
 .text          0x0000000000000290       0x1c build/default/debug/newxc32_newfile.o
                0x0000000000000290                main

.text.Dummy_Handler%10
                0x00000000000002ac        0x2
 .text.Dummy_Handler
                0x00000000000002ac        0x2 /tmp/ccrubxwJ.o
                0x00000000000002ac                SVCall_Handler
                0x00000000000002ac                DMAC_Handler
                0x00000000000002ac                HardFault_Handler
                0x00000000000002ac                AC_Handler
                0x00000000000002ac                SysTick_Handler
                0x00000000000002ac                PendSV_Handler
                0x00000000000002ac                NonMaskableInt_Handler
                0x00000000000002ac                TCC1_Handler
                0x00000000000002ac                TC2_7_Handler
                0x00000000000002ac                SERCOM2_Handler
                0x00000000000002ac                TCC0_Handler
                0x00000000000002ac                TC1_6_Handler
                0x00000000000002ac                RTC_Handler
                0x00000000000002ac                ADC1_Handler
                0x00000000000002ac                EIC_Handler
                0x00000000000002ac                SERCOM1_7_Handler
                0x00000000000002ac                WDT_Handler
                0x00000000000002ac                CAN0_Handler
                0x00000000000002ac                TC4_Handler
                0x00000000000002ac                TC3_Handler
                0x00000000000002ac                SDADC_Handler
                0x00000000000002ac                Dummy_Handler
                0x00000000000002ac                TC0_5_Handler
                0x00000000000002ac                SERCOM5_Handler
                0x00000000000002ac                CAN1_Handler
                0x00000000000002ac                ADC0_Handler
                0x00000000000002ac                TSENS_Handler
                0x00000000000002ac                TCC2_Handler
                0x00000000000002ac                EVSYS_Handler
                0x00000000000002ac                SERCOM3_Handler
                0x00000000000002ac                SERCOM4_Handler
                0x00000000000002ac                NVMCTRL_Handler
                0x00000000000002ac                SYSTEM_Handler
                0x00000000000002ac                DAC_Handler
                0x00000000000002ac                PTC_Handler
                0x00000000000002ac                SERCOM0_6_Handler
                0x00000000000002ac                FREQM_Handler

.text%z16       0x0000000000000000        0x0
 .text          0x0000000000000000        0x0 /opt/microchip/xc32/v2.41/bin/bin/../../lib/gcc/pic32c/6.2.1/crtn.o

.text%z17       0x0000000000000000        0x0
 .text          0x0000000000000000        0x0 /opt/microchip/xc32/v2.41/bin/bin/../../lib/gcc/pic32c/6.2.1/crtend.o

.text%z18       0x0000000000000000        0x0
 .text          0x0000000000000000        0x0 /opt/microchip/xc32/v2.41/bin/bin/../../lib/gcc/pic32c/6.2.1/../../../../pic32c/lib/libg_nano.a(lib_a-init.o)

.text%z19       0x0000000000000000        0x0
 .text          0x0000000000000000        0x0 /opt/microchip/xc32/v2.41/bin/bin/../../lib/gcc/pic32c/6.2.1/../../../../pic32c/lib/libpic32c.a(data_init.o)

.text%z20       0x0000000000000000        0x0
 .text          0x0000000000000000        0x0 /tmp/ccrubxwJ.o

.text%z21       0x0000000000000000        0x0
 .text          0x0000000000000000        0x0 /opt/microchip/xc32/v2.41/bin/bin/../../lib/gcc/pic32c/6.2.1/crti.o
